# 修复代码生成提示词（实例ID：astropy__astropy-13162）
## 代码仓库
astropy/astropy

## 原始问题描述
Angle bug for (d, m, s) tuple input (deprecate dms_to_degrees)
`Angle` does not handle the sign correctly for a `(d, m, s)` tuple input if `d=0`:

```python
>>> from astropy.coordinates import Angle
>>> ang = Angle((-0, -42, -17), unit='deg')
>>> print(ang)
0d42m17s
>>> print(ang.dms)
dms_tuple(d=0.0, m=42.0, s=16.999999999999886)
>>> print(ang.signed_dms)
signed_dms_tuple(sign=1.0, d=0.0, m=42.0, s=16.999999999999886)
```

<!-- Provide a general description of the bug. -->

### Expected behavior

```python
>>> ang = Angle((-0, -42, -17), unit='deg')
>>> print(ang)
-0d42m17s
>>> print(ang.dms)
dms_tuple(d=-0.0, m=-42.0, s=-16.999999999999886)
>>> print(ang.signed_dms)
signed_dms_tuple(sign=-1.0, d=0.0, m=42.0, s=16.999999999999886)
```

fix for the issue #12239 (Angle bug for (d, m, s) tuple input (deprecate dms_to_degrees))
fix for the issue #12239 

Two solutions are proposed.
code for solution 1 is presented in this pull request.


## 参考黄金补丁（正确的修复方案）
diff --git a/astropy/coordinates/tests/test_angles.py b/astropy/coordinates/tests/test_angles.py
--- a/astropy/coordinates/tests/test_angles.py
+++ b/astropy/coordinates/tests/test_angles.py
@@ -36,19 +36,18 @@ def test_create_angles():
     a4 = Angle("54.12412 deg")
     a5 = Angle("54.12412 degrees")
     a6 = Angle("54.12412°")  # because we like Unicode
-    a7 = Angle((54, 7, 26.832), unit=u.degree)
     a8 = Angle("54°07'26.832\"")
-    # (deg,min,sec) *tuples* are acceptable, but lists/arrays are *not*
-    # because of the need to eventually support arrays of coordinates
     a9 = Angle([54, 7, 26.832], unit=u.degree)
     assert_allclose(a9.value, [54, 7, 26.832])
     assert a9.unit is u.degree
 
     a10 = Angle(3.60827466667, unit=u.hour)
     a11 = Angle("3:36:29.7888000120", unit=u.hour)
-    a12 = Angle((3, 36, 29.7888000120), unit=u.hour)  # *must* be a tuple
-    # Regression test for #5001
-    a13 = Angle((3, 36, 29.7888000120), unit='hour')
+    with pytest.warns(AstropyDeprecationWarning, match='hms_to_hour'):
+        a12 = Angle((3, 36, 29.7888000120), unit=u.hour)  # *must* be a tuple
+    with pytest.warns(AstropyDeprecationWarning, match='hms_to_hour'):
+        # Regression test for #5001
+        a13 = Angle((3, 36, 29.7888000120), unit='hour')
 
     Angle(0.944644098745, unit=u.radian)
 
@@ -82,13 +81,12 @@ def test_create_angles():
     a24 = Angle("+ 3h", unit=u.hour)
 
     # ensure the above angles that should match do
-    assert a1 == a2 == a3 == a4 == a5 == a6 == a7 == a8 == a18 == a19 == a20
+    assert a1 == a2 == a3 == a4 == a5 == a6 == a8 == a18 == a19 == a20
     assert_allclose(a1.radian, a2.radian)
     assert_allclose(a2.degree, a3.degree)
     assert_allclose(a3.radian, a4.radian)
     assert_allclose(a4.radian, a5.radian)
     assert_allclose(a5.radian, a6.radian)
-    assert_allclose(a6.radian, a7.radian)
 
     assert_allclose(a10.degree, a11.degree)
     assert a11 == a12 == a13 == a14
@@ -432,16 +430,14 @@ def test_radec():
     ra = Longitude("12h43m23s")
     assert_allclose(ra.hour, 12.7230555556)
 
-    ra = Longitude((56, 14, 52.52), unit=u.degree)      # can accept tuples
     # TODO: again, fix based on >24 behavior
     # ra = Longitude((56,14,52.52))
     with pytest.raises(u.UnitsError):
         ra = Longitude((56, 14, 52.52))
     with pytest.raises(u.UnitsError):
         ra = Longitude((12, 14, 52))  # ambiguous w/o units
-    ra = Longitude((12, 14, 52), unit=u.hour)
-
-    ra = Longitude([56, 64, 52.2], unit=u.degree)  # ...but not arrays (yet)
+    with pytest.warns(AstropyDeprecationWarning, match='hms_to_hours'):
+        ra = Longitude((12, 14, 52), unit=u.hour)
 
     # Units can be specified
     ra = Longitude("4:08:15.162342", unit=u.hour)
@@ -901,12 +897,12 @@ def test_empty_sep():
 
 def test_create_tuple():
     """
-    Tests creation of an angle with a (d,m,s) or (h,m,s) tuple
-    """
-    a1 = Angle((1, 30, 0), unit=u.degree)
-    assert a1.value == 1.5
+    Tests creation of an angle with an (h,m,s) tuple
 
-    a1 = Angle((1, 30, 0), unit=u.hourangle)
+    (d, m, s) tuples are not tested because of sign ambiguity issues (#13162)
+    """
+    with pytest.warns(AstropyDeprecationWarning, match='hms_to_hours'):
+        a1 = Angle((1, 30, 0), unit=u.hourangle)
     assert a1.value == 1.5
 
 
diff --git a/astropy/coordinates/tests/test_arrays.py b/astropy/coordinates/tests/test_arrays.py
--- a/astropy/coordinates/tests/test_arrays.py
+++ b/astropy/coordinates/tests/test_arrays.py
@@ -10,6 +10,7 @@
 from astropy.time import Time
 from astropy.tests.helper import assert_quantity_allclose as assert_allclose
 from astropy.utils.compat import NUMPY_LT_1_19
+from astropy.utils.exceptions import AstropyDeprecationWarning
 
 from astropy.coordinates import (Angle, ICRS, FK4, FK5, Galactic, SkyCoord,
                                  CartesianRepresentation)
@@ -71,14 +72,6 @@ def test_dms():
     npt.assert_almost_equal(m, [0, 30, -30])
     npt.assert_almost_equal(s, [0, 0, -0])
 
-    dms = a1.dms
-    degrees = dms_to_degrees(*dms)
-    npt.assert_almost_equal(a1.degree, degrees)
-
-    a2 = Angle(dms, unit=u.degree)
-
-    npt.assert_almost_equal(a2.radian, a1.radian)
-
 
 def test_hms():
     a1 = Angle([0, 11.5, -11.5], unit=u.hour)
@@ -88,10 +81,11 @@ def test_hms():
     npt.assert_almost_equal(s, [0, 0, -0])
 
     hms = a1.hms
-    hours = hms_to_hours(*hms)
+    hours = hms[0] + hms[1] / 60. + hms[2] / 3600.
     npt.assert_almost_equal(a1.hour, hours)
 
-    a2 = Angle(hms, unit=u.hour)
+    with pytest.warns(AstropyDeprecationWarning, match='hms_to_hours'):
+        a2 = Angle(hms, unit=u.hour)
 
     npt.assert_almost_equal(a2.radian, a1.radian)