# 修复代码生成提示词（实例ID：django__django-15613）
## 代码仓库
django/django

## 原始问题描述
Inconsistent / Unexpected handling of assigning unsaved model to Generic Foreign Key
Description
	
https://code.djangoproject.com/ticket/10811 addresses the issue of assigned an unsaved model to a ForeignKey or OneToOneField (raises error when save() called), however the same logic / pattern does not apply to GFKs.
Given:
class ModelA(models.Model):
	name = models.CharField(max_length=20)
class ModelB(models.Model):
	gfk_ctype = models.ForeignKey(ContentType, on_delete=models.PROTECT)
	gfk_id = models.PositiveIntegerField()
	gfk = GenericForeignKey('gfk_ctype', 'gfk_id')
class ModelC(models.Model):
	fk = models.ForeignKey(ModelA, on_delete=models.CASCADE)
Foreign Key Behaviour:
In [2]: a = ModelA(name='Model A')
In [3]: c = ModelC(fk=a)
In [4]: c.fk
Out[4]: <ModelA: ModelA object (None)>
In [5]: c.save()
---------------------------------------------------------------------------
...
ValueError: save() prohibited to prevent data loss due to unsaved related object 'fk'.
In [6]: a.save()
(0.016) INSERT INTO "test_app_modela" ("name") VALUES ('Model A'); args=['Model A']
In [7]: c.fk
Out[7]: <ModelA: ModelA object (1)>
In [8]: c.save()
(0.016) INSERT INTO "test_app_modelc" ("fk_id") VALUES (1); args=[1]
GFK behaviour:
In [9]: a2 = ModelA(name='Model A2')
In [10]: b = ModelB(gfk=a2)
In [11]: b.gfk
Out[11]: <ModelA: ModelA object (None)>
In [12]: b.save()
(0.000) INSERT INTO "test_app_modelb" ("gfk_ctype_id", "gfk_id") VALUES (9, NULL); args=[9, None]
---------------------------------------------------------------------------
IntegrityError: NOT NULL constraint failed: test_app_modelb.gfk_id
In [14]: b.gfk.save()
(0.015) INSERT INTO "test_app_modela" ("name") VALUES ('Model A2'); args=['Model A2']
In [15]: b.gfk
(0.000) SELECT "test_app_modela"."id", "test_app_modela"."name" FROM "test_app_modela" WHERE "test_app_modela"."id" IS NULL LIMIT 21; args=()
None
In [17]: b.gfk_ctype
Out[17]: <ContentType: test_app | model a>
Two observations:
No check on b.gfk and b.gfk_id value during save() which could lead to silent data loss if b.gfk_id is nullable.
When a2 is saved, accessing b.gfk now does a redundant DB query to try and find ModelA instance with PK = None, then then returns None value (effectively un-assigning a2 model), while keeping b.gfk_ctype intact. This is because the new pk of a2 is different to the existing gfk_id (pk_val) of the GFK field (None)
What should be done:
Modify Model.save() or Model._prepare_related_fields_for_save() to also perform verification check for GFK fields
Modify GenericForeignKey.get() to handle case of pk_val = None (update fk_field value using PK value of GFK model if present, do not perform redundant DB query on pk=None, return previously assigned (then saved) model instead of None)


## 参考黄金补丁（正确的修复方案）
diff --git a/tests/generic_relations/tests.py b/tests/generic_relations/tests.py
--- a/tests/generic_relations/tests.py
+++ b/tests/generic_relations/tests.py
@@ -1,8 +1,7 @@
 from django.contrib.contenttypes.models import ContentType
 from django.core.exceptions import FieldError
-from django.db import IntegrityError
 from django.db.models import Q
-from django.test import SimpleTestCase, TestCase
+from django.test import SimpleTestCase, TestCase, skipUnlessDBFeature
 
 from .models import (
     AllowsNullGFK,
@@ -501,14 +500,26 @@ def test_query_content_type(self):
         with self.assertRaisesMessage(FieldError, msg):
             TaggedItem.objects.get(content_object="")
 
-    def test_unsaved_instance_on_generic_foreign_key(self):
-        """
-        Assigning an unsaved object to GenericForeignKey should raise an
-        exception on model.save().
-        """
+    def test_unsaved_generic_foreign_key_parent_save(self):
+        quartz = Mineral(name="Quartz", hardness=7)
+        tagged_item = TaggedItem(tag="shiny", content_object=quartz)
+        msg = (
+            "save() prohibited to prevent data loss due to unsaved related object "
+            "'content_object'."
+        )
+        with self.assertRaisesMessage(ValueError, msg):
+            tagged_item.save()
+
+    @skipUnlessDBFeature("has_bulk_insert")
+    def test_unsaved_generic_foreign_key_parent_bulk_create(self):
         quartz = Mineral(name="Quartz", hardness=7)
-        with self.assertRaises(IntegrityError):
-            TaggedItem.objects.create(tag="shiny", content_object=quartz)
+        tagged_item = TaggedItem(tag="shiny", content_object=quartz)
+        msg = (
+            "bulk_create() prohibited to prevent data loss due to unsaved related "
+            "object 'content_object'."
+        )
+        with self.assertRaisesMessage(ValueError, msg):
+            TaggedItem.objects.bulk_create([tagged_item])
 
     def test_cache_invalidation_for_content_type_id(self):
         # Create a Vegetable and Mineral with the same id.
diff --git a/tests/generic_relations_regress/models.py b/tests/generic_relations_regress/models.py
--- a/tests/generic_relations_regress/models.py
+++ b/tests/generic_relations_regress/models.py
@@ -104,11 +104,6 @@ class Company(models.Model):
     links = GenericRelation(Link)
 
 
-# For testing #13085 fix, we also use Note model defined above
-class Developer(models.Model):
-    name = models.CharField(max_length=15)
-
-
 class Team(models.Model):
     name = models.CharField(max_length=15)
 
diff --git a/tests/generic_relations_regress/tests.py b/tests/generic_relations_regress/tests.py
--- a/tests/generic_relations_regress/tests.py
+++ b/tests/generic_relations_regress/tests.py
@@ -1,4 +1,3 @@
-from django.db import IntegrityError
 from django.db.models import ProtectedError, Q, Sum
 from django.forms.models import modelform_factory
 from django.test import TestCase, skipIfDBFeature
@@ -15,7 +14,6 @@
     Contact,
     Content,
     D,
-    Developer,
     Guild,
     HasLinkThing,
     Link,
@@ -140,14 +138,6 @@ def count_places(place):
         self.assertEqual(count_places(p1), 1)
         self.assertEqual(count_places(p2), 1)
 
-    def test_target_model_is_unsaved(self):
-        """Test related to #13085"""
-        # Fails with another, ORM-level error
-        dev1 = Developer(name="Joe")
-        note = Note(note="Deserves promotion", content_object=dev1)
-        with self.assertRaises(IntegrityError):
-            note.save()
-
     def test_target_model_len_zero(self):
         """
         Saving a model with a GenericForeignKey to a model instance whose