# 修复代码生成提示词（实例ID：sympy__sympy-21586）
## 代码仓库
sympy/sympy

## 原始问题描述
parse_expr with local_dict
I have 2 expressions that differ only in `*` after `E**x` and I want to parse it:
```
>>> from sympy.abc import x
>>> transformations = (standard_transformations +
                   (implicit_multiplication_application,))

>>> expr1 = 'E**x*(1+2*x+(x+1)log(x+1))'
>>> expr2 = 'E**x(1+2*x+(x+1)log(x+1))'

>>> p1 = parse_expr(expr1, transformations=transformations)
(2*x + (x + 1)*log(x + 1) + 1)*exp(x)
>>> p1.subs(x, 1)
E*(2*log(2) + 3)

>>> p2 = parse_expr(expr2, transformations=transformations)
(2*x + (x + 1)*log(x + 1) + 1)*exp(x)
>>> p2.subs(x, 1)
E*(2*log(2) + 3)

>>> p2.subs(x, 1) - p1.subs(x, 1)
0
```
Right, but if
```
>>> x = var('x', real=True)

>>> p1 = parse_expr(expr1, transformations=transformations, local_dict={'x': x})
(2*x + (x + 1)*log(x + 1) + 1)*exp(x)
>>> p1.subs(x, 1)
E*(2*log(2) + 3)

>>> p2 = parse_expr(expr2, transformations=transformations, local_dict={'x': x})
(2*x + (x + 1)*log(x + 1) + 1)*exp(x)
>>> p2.subs(x, 1)
(2*log(2) + 3)*exp(x)          ???

>>> p2.subs(x, 1) - p1.subs(x, 1)
(2*log(2) + 3)*exp(x) - E*(2*log(2) + 3)
```
And
```
>>> p1.atoms(Symbol)
{x}
>>> p2.atoms(Symbol)
{x, x}
```
Thank you!


## 参考黄金补丁（正确的修复方案）
diff --git a/sympy/core/tests/test_assumptions.py b/sympy/core/tests/test_assumptions.py
--- a/sympy/core/tests/test_assumptions.py
+++ b/sympy/core/tests/test_assumptions.py
@@ -1238,6 +1238,7 @@ def test_assumptions_copy():
 
 
 def test_check_assumptions():
+    assert check_assumptions(1, 0) is False
     x = Symbol('x', positive=True)
     assert check_assumptions(1, x) is True
     assert check_assumptions(1, 1) is True
diff --git a/sympy/core/tests/test_sympify.py b/sympy/core/tests/test_sympify.py
--- a/sympy/core/tests/test_sympify.py
+++ b/sympy/core/tests/test_sympify.py
@@ -530,10 +530,16 @@ def test_issue_6540_6552():
 def test_issue_6046():
     assert str(S("Q & C", locals=_clash1)) == 'C & Q'
     assert str(S('pi(x)', locals=_clash2)) == 'pi(x)'
-    assert str(S('pi(C, Q)', locals=_clash)) == 'pi(C, Q)'
     locals = {}
     exec("from sympy.abc import Q, C", locals)
     assert str(S('C&Q', locals)) == 'C & Q'
+    # clash can act as Symbol or Function
+    assert str(S('pi(C, Q)', locals=_clash)) == 'pi(C, Q)'
+    assert len(S('pi + x', locals=_clash2).free_symbols) == 2
+    # but not both
+    raises(TypeError, lambda: S('pi + pi(x)', locals=_clash2))
+    assert all(set(i.values()) == {None} for i in (
+        _clash, _clash1, _clash2))
 
 
 def test_issue_8821_highprec_from_str():
diff --git a/sympy/parsing/tests/test_sympy_parser.py b/sympy/parsing/tests/test_sympy_parser.py
--- a/sympy/parsing/tests/test_sympy_parser.py
+++ b/sympy/parsing/tests/test_sympy_parser.py
@@ -131,9 +131,8 @@ def test_local_dict_symbol_to_fcn():
     x = Symbol('x')
     d = {'foo': Function('bar')}
     assert parse_expr('foo(x)', local_dict=d) == d['foo'](x)
-    # XXX: bit odd, but would be error if parser left the Symbol
     d = {'foo': Symbol('baz')}
-    assert parse_expr('foo(x)', local_dict=d) == Function('baz')(x)
+    raises(TypeError, lambda: parse_expr('foo(x)', local_dict=d))
 
 
 def test_global_dict():
@@ -270,3 +269,11 @@ def test_python3_features():
     assert parse_expr('.[3_4]') == parse_expr('.[34]') == Rational(34, 99)
     assert parse_expr('.1[3_4]') == parse_expr('.1[34]') == Rational(133, 990)
     assert parse_expr('123_123.123_123[3_4]') == parse_expr('123123.123123[34]') == Rational(12189189189211, 99000000)
+
+
+def test_issue_19501():
+    x = Symbol('x')
+    eq = parse_expr('E**x(1+x)', local_dict={'x': x}, transformations=(
+        standard_transformations +
+        (implicit_multiplication_application,)))
+    assert eq.free_symbols == {x}