# 修复代码生成提示词（实例ID：sympy__sympy-21567）
## 代码仓库
sympy/sympy

## 原始问题描述
`expand_trig` for `csch`, `sech`
Although we have fixed #21365, it should be extended further for `csch, sech`.
The behavior for `csc, sec` was to expand it in denominator with `cos, sin`, so it could be taken as a reference.
 
```python3
>>> from sympy import *

>>> x, y = symbols('x y')
>>> expand_trig(tanh(x + y))
(tanh(x) + tanh(y))/(tanh(x)*tanh(y) + 1)
>>> expand_trig(csch(x + y))
csch(x + y)
>>> expand_trig(sech(x + y))
sech(x + y)
>>> expand_trig(csc(x + y))
1/(sin(x)*cos(y) + sin(y)*cos(x))
>>> expand_trig(sec(x + y))
1/(-sin(x)*sin(y) + cos(x)*cos(y))
```


## 参考黄金补丁（正确的修复方案）
diff --git a/sympy/functions/elementary/tests/test_hyperbolic.py b/sympy/functions/elementary/tests/test_hyperbolic.py
--- a/sympy/functions/elementary/tests/test_hyperbolic.py
+++ b/sympy/functions/elementary/tests/test_hyperbolic.py
@@ -1,7 +1,7 @@
 from sympy import (symbols, Symbol, sinh, nan, oo, zoo, pi, asinh, acosh, log,
     sqrt, coth, I, cot, E, tanh, tan, cosh, cos, S, sin, Rational, atanh, acoth,
     Integer, O, exp, sech, sec, csch, asech, acsch, acos, asin, expand_mul,
-    AccumBounds, im, re)
+    AccumBounds, im, re, expand_trig)
 
 from sympy.core.expr import unchanged
 from sympy.core.function import ArgumentIndexError
@@ -327,6 +327,11 @@ def test_coth():
     x = Symbol('x', extended_real=True)
     assert coth(x).as_real_imag(deep=False) == (coth(x), 0)
 
+    assert expand_trig(coth(2*x)) == (coth(x)**2 + 1)/(2*coth(x))
+    assert expand_trig(coth(3*x)) == (coth(x)**3 + 3*coth(x))/(1 + 3*coth(x)**2)
+
+    assert expand_trig(coth(x + y)) == (1 + coth(x)*coth(y))/(coth(x) + coth(y))
+
 
 def test_coth_series():
     x = Symbol('x')
@@ -397,6 +402,8 @@ def test_csch():
 
     assert csch(n).is_real is True
 
+    assert expand_trig(csch(x + y)) == 1/(sinh(x)*cosh(y) + cosh(x)*sinh(y))
+
 
 def test_csch_series():
     x = Symbol('x')
@@ -465,6 +472,8 @@ def test_sech():
 
     assert sech(n).is_real is True
 
+    assert expand_trig(sech(x + y)) == 1/(cosh(x)*cosh(y) + sinh(x)*sinh(y))
+
 
 def test_sech_series():
     x = Symbol('x')