# 修复代码生成提示词（实例ID：sympy__sympy-20741）
## 代码仓库
sympy/sympy

## 原始问题描述
Matrix expressions aren't simplified properly
```python
>>> A = MatrixSymbol('A', m, n)
>>> B = MatrixSymbol('B', m, n)
>>> Z = ZeroMatrix(m, n)
>>> -(-A + B) - A + B
-(-A + B) -A + B
>>> (-(-A + B) - A + B).simplify()
-(-A + B) -A + B
>>> (-(-A + B) - A + B).expand()
-B + A -A + B
>>> (-(-A + B) - A + B - Z).simplify()
-(-A + B) -A + B
>>> (-(-A + B) - A + B - Z).expand()
-B + A -A + B
```
First reported in https://github.com/sympy/sympy/issues/13508


## 参考黄金补丁（正确的修复方案）
diff --git a/sympy/matrices/expressions/tests/test_matexpr.py b/sympy/matrices/expressions/tests/test_matexpr.py
--- a/sympy/matrices/expressions/tests/test_matexpr.py
+++ b/sympy/matrices/expressions/tests/test_matexpr.py
@@ -425,8 +425,8 @@ def test_simplify_matrix_expressions():
     # Various simplification functions
     assert type(gcd_terms(C*D + D*C)) == MatAdd
     a = gcd_terms(2*C*D + 4*D*C)
-    assert type(a) == MatMul
-    assert a.args == (2, (C*D + 2*D*C))
+    assert type(a) == MatAdd
+    assert a.args == (2*C*D, 4*D*C)
 
 def test_exp():
     A = MatrixSymbol('A', 2, 2)
@@ -482,3 +482,13 @@ def test_MatrixSet():
     raises(ValueError, lambda: MatrixSet(2, -2, S.Reals))
     raises(ValueError, lambda: MatrixSet(2.4, -1, S.Reals))
     raises(TypeError, lambda: MatrixSet(2, 2, (1, 2, 3)))
+
+def test_matrixsymbol_solving():
+    A = MatrixSymbol('A', 2, 2)
+    B = MatrixSymbol('B', 2, 2)
+    Z = ZeroMatrix(2, 2)
+    assert -(-A + B) - A + B == Z
+    assert (-(-A + B) - A + B).simplify() == Z
+    assert (-(-A + B) - A + B).expand() == Z
+    assert (-(-A + B) - A + B - Z).simplify() == Z
+    assert (-(-A + B) - A + B - Z).expand() == Z
diff --git a/sympy/printing/tests/test_str.py b/sympy/printing/tests/test_str.py
--- a/sympy/printing/tests/test_str.py
+++ b/sympy/printing/tests/test_str.py
@@ -880,7 +880,7 @@ def test_MatMul_MatAdd():
     from sympy import MatrixSymbol
 
     X, Y = MatrixSymbol("X", 2, 2), MatrixSymbol("Y", 2, 2)
-    assert str(2*(X + Y)) == "2*(X + Y)"
+    assert str(2*(X + Y)) == "2*X + 2*Y"
 
     assert str(I*X) == "I*X"
     assert str(-I*X) == "-I*X"
@@ -960,7 +960,7 @@ def test_MatrixSymbol_printing():
     B = MatrixSymbol("B", 3, 3)
 
     assert str(A - A*B - B) == "A - A*B - B"
-    assert str(A*B - (A+B)) == "-(A + B) + A*B"
+    assert str(A*B - (A+B)) == "-A + A*B - B"
     assert str(A**(-1)) == "A**(-1)"
     assert str(A**3) == "A**3"